2026-05-08 13:57:45 INFO  h.a.m.controller.LoginController - Login attempt for username: user
2026-05-08 13:57:45 INFO  h.a.m.controller.LoginController - User logged in successfully: user, role: USER
2026-05-08 13:57:45 INFO  h.a.m.controller.MainController - Main window opened for user: user, role: USER
2026-05-08 13:57:59 INFO  h.a.m.controller.MainController - User logged out: user
2026-05-08 13:58:03 INFO  h.a.m.controller.LoginController - Login attempt for username: admin
2026-05-08 13:58:03 INFO  h.a.m.controller.LoginController - User logged in successfully: admin, role: ADMIN
2026-05-08 13:58:03 INFO  h.a.m.controller.MainController - Main window opened for user: admin, role: ADMIN
2026-05-08 13:58:05 INFO  h.a.m.controller.MainController - User opened Manga management view: admin
2026-05-08 14:08:32 INFO  h.a.m.controller.LoginController - Login attempt for username: admin
2026-05-08 14:08:32 INFO  h.a.m.controller.LoginController - User logged in successfully: admin, role: ADMIN
2026-05-08 14:08:32 INFO  h.a.m.controller.MainController - Main window opened for user: admin, role: ADMIN
2026-05-08 14:08:55 INFO  h.a.m.controller.MainController - User opened Manga management view: admin
2026-05-08 14:09:47 INFO  h.a.m.controller.LoginController - Login attempt for username: admin
2026-05-08 14:09:47 INFO  h.a.m.controller.LoginController - User logged in successfully: admin, role: ADMIN
2026-05-08 14:09:47 INFO  h.a.m.controller.MainController - Main window opened for user: admin, role: ADMIN
2026-05-08 14:09:50 INFO  h.a.m.controller.MainController - User opened Manga management view: admin
2026-05-08 14:10:07 INFO  h.a.m.controller.LoginController - Login attempt for username: admin
2026-05-08 14:10:07 INFO  h.a.m.controller.LoginController - User logged in successfully: admin, role: ADMIN
2026-05-08 14:10:07 INFO  h.a.m.controller.MainController - Main window opened for user: admin, role: ADMIN
2026-05-08 14:10:10 INFO  h.a.m.controller.MainController - User opened Manga management view: admin
2026-05-08 14:13:27 INFO  h.a.m.controller.LoginController - Login attempt for username: admin
2026-05-08 14:13:27 INFO  h.a.m.controller.LoginController - User logged in successfully: admin, role: ADMIN
2026-05-08 14:13:27 INFO  h.a.m.controller.MainController - Main window opened for user: admin, role: ADMIN
2026-05-08 14:13:30 INFO  h.a.m.controller.MainController - User opened Manga management view: admin
2026-05-08 14:13:49 INFO  h.a.m.controller.MainController - User opened Home view: admin
2026-05-08 14:13:59 INFO  h.a.m.controller.MainController - User opened Manga management view: admin
2026-05-08 14:14:39 INFO  h.a.m.controller.MainController - User opened Home view: admin
2026-05-08 14:15:50 INFO  h.a.m.controller.MainController - User opened Manga management view: admin
2026-05-08 14:16:09 INFO  h.a.m.controller.MainController - User opened Home view: admin
